{
  "Kind": "not_found",
  "Message":"event(100) not found"
}