{
  "ID": "1",
  "Title": "Test Title",
  "Description": "Test Description"
}