{
  "ID": "2",
  "Title": "Test Title",
  "Description": "Test Description"
}