{
  "Kind": "invalid_json",
  "Message": "invalid character 'T' looking for beginning of value"
}