{
  "ID": "1",
  "Title": "Test Title2",
  "Description": "Test Description2"
}